// Jest Snapshot v1, https://goo.gl/fbAQLP

exports[`displays a home screen renders correctly 1`] = `
<RCTScrollView
  ListEmptyComponent={[Function]}
  ListFooterComponent={[Function]}
  ListHeaderComponent={[Function]}
  data={Array []}
  decelerationRate="fast"
  getItem={[Function]}
  getItemCount={[Function]}
  keyExtractor={[Function]}
  onContentSizeChange={[Function]}
  onLayout={[Function]}
  onMomentumScrollBegin={[Function]}
  onMomentumScrollEnd={[Function]}
  onScroll={[Function]}
  onScrollBeginDrag={[Function]}
  onScrollEndDrag={[Function]}
  removeClippedSubviews={false}
  renderItem={[Function]}
  scrollEnabled={false}
  scrollEventThrottle={50}
  showsVerticalScrollIndicator={false}
  stickyHeaderIndices={Array []}
  style={
    Object {
      "marginBottom": 35,
    }
  }
  viewabilityConfigCallbackPairs={Array []}
>
  <View>
    <View
      collapsable={false}
      onLayout={[Function]}
    >
      <View />
    </View>
    <View
      style={
        Object {
          "backgroundColor": "#313132",
          "paddingHorizontal": 20,
          "paddingVertical": 20,
        }
      }
    >
      <View
        style={
          Object {
            "backgroundColor": "#313132",
            "borderColor": "#0099FF",
            "borderRadius": 5,
            "borderWidth": 1,
            "padding": 10,
          }
        }
      >
        <View
          style={
            Object {
              "alignItems": "center",
              "flexDirection": "row",
              "justifyContent": "space-between",
            }
          }
        >
          <View
            style={
              Object {
                "alignSelf": "flex-start",
                "marginLeft": 0,
                "marginRight": 10,
              }
            }
          >
            <Text
              allowFontScaling={false}
              selectable={false}
              style={
                Array [
                  Object {
                    "color": "#0099FF",
                    "fontSize": 30,
                  },
                  undefined,
                  Object {
                    "fontFamily": "Material Icons",
                    "fontStyle": "normal",
                    "fontWeight": "normal",
                  },
                  Object {},
                ]
              }
            >
              î¢Ž
            </Text>
          </View>
          <Text
            style={
              Object {
                "alignSelf": "center",
                "color": "#FFFFFF",
                "flex": 1,
                "flexWrap": "wrap",
                "fontSize": 18,
                "fontWeight": "normal",
              }
            }
            testID="com.ariesbifold:id/NoNewUpdates"
          >
            Home.NoNewUpdates
          </Text>
        </View>
      </View>
    </View>
    <View
      onLayout={[Function]}
    >
      <View>
        <View
          style={
            Object {
              "paddingBottom": 75,
              "paddingHorizontal": 25,
            }
          }
        >
          <View
            style={
              Array [
                Object {
                  "alignItems": "center",
                  "justifyContent": "center",
                  "marginHorizontal": 25,
                  "marginTop": 35,
                },
              ]
            }
          >
            <Text
              adjustsFontSizeToFit={true}
              style={
                Array [
                  Object {
                    "color": "#FFFFFF",
                    "fontSize": 38,
                    "fontWeight": "bold",
                  },
                  Object {
                    "marginBottom": 20,
                    "marginTop": 25,
                  },
                ]
              }
            >
              Home.Welcome
            </Text>
          </View>
          <View
            style={
              Array [
                Object {
                  "alignItems": "center",
                  "justifyContent": "center",
                  "marginHorizontal": 25,
                  "marginTop": 35,
                },
              ]
            }
          >
            <Text
              style={
                Array [
                  Object {
                    "color": "#FFFFFF",
                    "fontSize": 18,
                    "fontWeight": "normal",
                  },
                  Object {
                    "marginTop": 25,
                    "textAlign": "center",
                  },
                ]
              }
            >
              Home.NoCredentials
            </Text>
          </View>
        </View>
      </View>
    </View>
  </View>
</RCTScrollView>
`;
